[18:15:29] ======================================================================
[18:15:29] PROD 1100개 배치 테스트 실행 + 자동 모니터링 시작
[18:15:29] PROD URL: https://medical-compliance-tester-cbtevhmzrq-du.a.run.app
[18:15:29] ======================================================================
[18:15:29] [1/4] admin 로그인...
[18:15:30]   OK
[18:15:30] [2/4] 시나리오 ID 수집...
[18:15:30]   총 1100개 시나리오
[18:15:30]   source별: {'manual': 100, 'generated': 1000}
[18:15:30]   카테고리 수: 17
[18:15:30] [3/4] 배치 실행 시작 (1100개)...
[18:15:30]   runId: batch-20260515-091531-1a1de9
[18:15:30]   메시지: 1100개 시나리오 실행 시작 (50개 단위, 최대 3개 동시)
[18:15:30] [4/4] 모니터링 시작 (폴링 간격 30s)
[18:15:30] 
[18:15:30] ======================================================================
[18:15:30] PROGRESS MONITORING
[18:15:30] ======================================================================
[18:16:00] PROGRESS 7/1100 (0.6%) pass=7 fail=0 err=0 elapsed=0m ETA=78m current=순환기-001
[18:16:30] PROGRESS 11/1100 (1.0%) pass=9 fail=2 err=0 elapsed=1m ETA=99m current=피부-002
[18:17:00] PROGRESS 19/1100 (1.7%) pass=15 fail=4 err=0 elapsed=1m ETA=85m current=전신·피-003
[18:17:30] PROGRESS 23/1100 (2.1%) pass=19 fail=4 err=0 elapsed=2m ETA=93m current=소화기-003
[18:18:00] PROGRESS 30/1100 (2.7%) pass=23 fail=7 err=0 elapsed=2m ETA=89m current=순환기-004
[18:18:30] PROGRESS 33/1100 (3.0%) pass=25 fail=8 err=0 elapsed=3m ETA=97m current=전신·피-004
[18:19:00] PROGRESS 37/1100 (3.4%) pass=27 fail=10 err=0 elapsed=3m ETA=100m current=비뇨생식-004
[18:19:30] PROGRESS 42/1100 (3.8%) pass=30 fail=12 err=0 elapsed=4m ETA=100m current=호흡기-005
[18:20:00] PROGRESS 46/1100 (4.2%) pass=32 fail=14 err=0 elapsed=4m ETA=103m current=비뇨생식-005
[18:20:30] PROGRESS 47/1100 (4.3%) pass=33 fail=14 err=0 elapsed=5m ETA=112m current=정신건강-005
[18:20:30] SUMMARY [+5m] 47/1100 (4.3%) pass_rate=70.2% errors=0
[18:25:31] SUMMARY [+10m] 47/1100 (4.3%) pass_rate=70.2% errors=0
[18:30:31] SUMMARY [+15m] 47/1100 (4.3%) pass_rate=70.2% errors=0
[18:31:01] PROGRESS 48/1100 (4.4%) pass=34 fail=14 err=0 elapsed=15m ETA=340m current=순환기-002
[18:32:31] PROGRESS 49/1100 (4.5%) pass=35 fail=14 err=0 elapsed=17m ETA=365m current=소화기-002
[18:34:01] PROGRESS 50/1100 (4.5%) pass=36 fail=14 err=0 elapsed=18m ETA=388m current=머리·뇌-004
[18:34:31] PROGRESS 51/1100 (4.6%) pass=37 fail=14 err=0 elapsed=19m ETA=391m current=머리·뇌-006
[18:35:01] PROGRESS 64/1100 (5.8%) pass=48 fail=16 err=0 elapsed=19m ETA=316m current=호흡기-007
[18:35:31] PROGRESS 72/1100 (6.5%) pass=55 fail=17 err=0 elapsed=20m ETA=285m current=비뇨생식-007
[18:35:31] SUMMARY [+20m] 72/1100 (6.5%) pass_rate=76.4% errors=0
[18:36:01] PROGRESS 76/1100 (6.9%) pass=58 fail=18 err=0 elapsed=20m ETA=276m current=감각기관-008
[18:36:31] PROGRESS 85/1100 (7.7%) pass=65 fail=20 err=0 elapsed=21m ETA=251m current=소화기-009
[18:37:01] PROGRESS 92/1100 (8.4%) pass=71 fail=21 err=0 elapsed=21m ETA=235m current=정신건강-009
[18:37:31] PROGRESS 97/1100 (8.8%) pass=73 fail=24 err=0 elapsed=22m ETA=227m current=감각기관-010
[18:38:02] PROGRESS 99/1100 (9.0%) pass=74 fail=25 err=0 elapsed=22m ETA=227m current=비뇨생식-010
[18:40:32] SUMMARY [+25m] 99/1100 (9.0%) pass_rate=74.7% errors=0
[18:41:32]   [POLL #52] HTTP 404 {"error": "배치 실행을 찾을 수 없습니다"}
[18:42:02]   [POLL #53] HTTP 404 {"error": "배치 실행을 찾을 수 없습니다"}
[18:42:32]   [POLL #54] HTTP 404 {"error": "배치 실행을 찾을 수 없습니다"}
[18:43:02]   [POLL #55] HTTP 404 {"error": "배치 실행을 찾을 수 없습니다"}
[18:43:32]   [POLL #56] HTTP 404 {"error": "배치 실행을 찾을 수 없습니다"}
[18:44:02]   [POLL #57] HTTP 404 {"error": "배치 실행을 찾을 수 없습니다"}
[18:44:32]   [POLL #58] HTTP 404 {"error": "배치 실행을 찾을 수 없습니다"}
[18:45:02]   [POLL #59] HTTP 404 {"error": "배치 실행을 찾을 수 없습니다"}
[18:45:32]   [POLL #60] HTTP 404 {"error": "배치 실행을 찾을 수 없습니다"}
[18:46:02]   [POLL #61] HTTP 404 {"error": "배치 실행을 찾을 수 없습니다"}
[18:46:32]   [POLL #62] HTTP 404 {"error": "배치 실행을 찾을 수 없습니다"}
[18:47:02]   [POLL #63] HTTP 404 {"error": "배치 실행을 찾을 수 없습니다"}
[18:47:32]   [POLL #64] HTTP 404 {"error": "배치 실행을 찾을 수 없습니다"}
[18:48:02]   [POLL #65] HTTP 404 {"error": "배치 실행을 찾을 수 없습니다"}
[18:48:32]   [POLL #66] HTTP 404 {"error": "배치 실행을 찾을 수 없습니다"}
[18:49:02]   [POLL #67] HTTP 404 {"error": "배치 실행을 찾을 수 없습니다"}
[18:49:32]   [POLL #68] HTTP 404 {"error": "배치 실행을 찾을 수 없습니다"}
[18:50:02]   [POLL #69] HTTP 404 {"error": "배치 실행을 찾을 수 없습니다"}
[18:50:32]   [POLL #70] HTTP 404 {"error": "배치 실행을 찾을 수 없습니다"}
[18:51:02]   [POLL #71] HTTP 404 {"error": "배치 실행을 찾을 수 없습니다"}
[18:51:32]   [POLL #72] HTTP 404 {"error": "배치 실행을 찾을 수 없습니다"}
[18:52:02]   [POLL #73] HTTP 404 {"error": "배치 실행을 찾을 수 없습니다"}
[18:52:32]   [POLL #74] HTTP 404 {"error": "배치 실행을 찾을 수 없습니다"}
[18:53:02]   [POLL #75] HTTP 404 {"error": "배치 실행을 찾을 수 없습니다"}
[18:53:32]   [POLL #76] HTTP 404 {"error": "배치 실행을 찾을 수 없습니다"}
[18:54:02]   [POLL #77] HTTP 404 {"error": "배치 실행을 찾을 수 없습니다"}
[18:54:32]   [POLL #78] HTTP 404 {"error": "배치 실행을 찾을 수 없습니다"}
[18:55:02]   [POLL #79] HTTP 404 {"error": "배치 실행을 찾을 수 없습니다"}
[18:55:33]   [POLL #80] HTTP 404 {"error": "배치 실행을 찾을 수 없습니다"}
[18:56:03]   [POLL #81] HTTP 404 {"error": "배치 실행을 찾을 수 없습니다"}
[18:56:33]   [POLL #82] HTTP 404 {"error": "배치 실행을 찾을 수 없습니다"}
[18:57:03]   [POLL #83] HTTP 404 {"error": "배치 실행을 찾을 수 없습니다"}
[18:57:33]   [POLL #84] HTTP 404 {"error": "배치 실행을 찾을 수 없습니다"}
[18:58:03]   [POLL #85] HTTP 404 {"error": "배치 실행을 찾을 수 없습니다"}
[18:58:33]   [POLL #86] HTTP 404 {"error": "배치 실행을 찾을 수 없습니다"}
[18:59:03]   [POLL #87] HTTP 404 {"error": "배치 실행을 찾을 수 없습니다"}
[18:59:33]   [POLL #88] HTTP 404 {"error": "배치 실행을 찾을 수 없습니다"}
[19:00:03]   [POLL #89] HTTP 404 {"error": "배치 실행을 찾을 수 없습니다"}
[19:00:33]   [POLL #90] HTTP 404 {"error": "배치 실행을 찾을 수 없습니다"}
[19:01:03]   [POLL #91] HTTP 404 {"error": "배치 실행을 찾을 수 없습니다"}
[19:01:33]   [POLL #92] HTTP 404 {"error": "배치 실행을 찾을 수 없습니다"}
[19:02:03]   [POLL #93] HTTP 404 {"error": "배치 실행을 찾을 수 없습니다"}
[19:02:33]   [POLL #94] HTTP 404 {"error": "배치 실행을 찾을 수 없습니다"}
[19:03:03]   [POLL #95] HTTP 404 {"error": "배치 실행을 찾을 수 없습니다"}
[19:03:33]   [POLL #96] HTTP 404 {"error": "배치 실행을 찾을 수 없습니다"}
[19:04:03]   [POLL #97] HTTP 404 {"error": "배치 실행을 찾을 수 없습니다"}
[19:04:33]   [POLL #98] HTTP 404 {"error": "배치 실행을 찾을 수 없습니다"}
[19:05:03]   [POLL #99] HTTP 404 {"error": "배치 실행을 찾을 수 없습니다"}
[19:05:33]   [POLL #100] HTTP 404 {"error": "배치 실행을 찾을 수 없습니다"}
[19:06:03]   [POLL #101] HTTP 404 {"error": "배치 실행을 찾을 수 없습니다"}
[19:06:33]   [POLL #102] HTTP 404 {"error": "배치 실행을 찾을 수 없습니다"}
[19:07:03]   [POLL #103] HTTP 404 {"error": "배치 실행을 찾을 수 없습니다"}
[19:07:33]   [POLL #104] HTTP 404 {"error": "배치 실행을 찾을 수 없습니다"}
[19:08:03]   [POLL #105] HTTP 404 {"error": "배치 실행을 찾을 수 없습니다"}
[19:08:33]   [POLL #106] HTTP 404 {"error": "배치 실행을 찾을 수 없습니다"}
[19:09:03]   [POLL #107] HTTP 404 {"error": "배치 실행을 찾을 수 없습니다"}
[19:09:33]   [POLL #108] HTTP 404 {"error": "배치 실행을 찾을 수 없습니다"}
[19:10:03]   [POLL #109] HTTP 404 {"error": "배치 실행을 찾을 수 없습니다"}
[19:10:33]   [POLL #110] HTTP 404 {"error": "배치 실행을 찾을 수 없습니다"}
[19:11:03]   [POLL #111] HTTP 404 {"error": "배치 실행을 찾을 수 없습니다"}
[19:11:33]   [POLL #112] HTTP 404 {"error": "배치 실행을 찾을 수 없습니다"}
[19:12:03]   [POLL #113] HTTP 404 {"error": "배치 실행을 찾을 수 없습니다"}
[19:12:33]   [POLL #114] HTTP 404 {"error": "배치 실행을 찾을 수 없습니다"}
[19:13:03]   [POLL #115] HTTP 404 {"error": "배치 실행을 찾을 수 없습니다"}
[19:13:34]   [POLL #116] HTTP 404 {"error": "배치 실행을 찾을 수 없습니다"}
[19:14:04]   [POLL #117] HTTP 404 {"error": "배치 실행을 찾을 수 없습니다"}
[19:14:34]   [POLL #118] HTTP 404 {"error": "배치 실행을 찾을 수 없습니다"}
[19:15:04]   [POLL #119] HTTP 404 {"error": "배치 실행을 찾을 수 없습니다"}
[19:15:34]   [POLL #120] HTTP 404 {"error": "배치 실행을 찾을 수 없습니다"}
[19:16:04]   [POLL #121] HTTP 404 {"error": "배치 실행을 찾을 수 없습니다"}
[19:16:34]   [POLL #122] HTTP 404 {"error": "배치 실행을 찾을 수 없습니다"}
[19:17:04]   [POLL #123] HTTP 404 {"error": "배치 실행을 찾을 수 없습니다"}
[19:17:34]   [POLL #124] HTTP 404 {"error": "배치 실행을 찾을 수 없습니다"}
[19:18:04]   [POLL #125] HTTP 404 {"error": "배치 실행을 찾을 수 없습니다"}
[19:18:34]   [POLL #126] HTTP 404 {"error": "배치 실행을 찾을 수 없습니다"}
[19:19:04]   [POLL #127] HTTP 404 {"error": "배치 실행을 찾을 수 없습니다"}
[19:19:34]   [POLL #128] HTTP 404 {"error": "배치 실행을 찾을 수 없습니다"}
[19:20:04]   [POLL #129] HTTP 404 {"error": "배치 실행을 찾을 수 없습니다"}
[19:20:35]   [POLL #130] HTTP 404 {"error": "배치 실행을 찾을 수 없습니다"}
[19:21:05]   [POLL #131] HTTP 404 {"error": "배치 실행을 찾을 수 없습니다"}
[19:21:35]   [POLL #132] HTTP 404 {"error": "배치 실행을 찾을 수 없습니다"}
[19:22:05]   [POLL #133] HTTP 404 {"error": "배치 실행을 찾을 수 없습니다"}
[19:22:35]   [POLL #134] HTTP 404 {"error": "배치 실행을 찾을 수 없습니다"}
[19:23:05]   [POLL #135] HTTP 404 {"error": "배치 실행을 찾을 수 없습니다"}
[19:23:35]   [POLL #136] HTTP 404 {"error": "배치 실행을 찾을 수 없습니다"}
[19:24:05]   [POLL #137] HTTP 404 {"error": "배치 실행을 찾을 수 없습니다"}
[19:24:35]   [POLL #138] HTTP 404 {"error": "배치 실행을 찾을 수 없습니다"}
[19:25:05]   [POLL #139] HTTP 404 {"error": "배치 실행을 찾을 수 없습니다"}
[19:25:35]   [POLL #140] HTTP 404 {"error": "배치 실행을 찾을 수 없습니다"}
[19:26:05]   [POLL #141] HTTP 404 {"error": "배치 실행을 찾을 수 없습니다"}
[19:26:35]   [POLL #142] HTTP 404 {"error": "배치 실행을 찾을 수 없습니다"}
[19:27:05]   [POLL #143] HTTP 404 {"error": "배치 실행을 찾을 수 없습니다"}
[19:27:35]   [POLL #144] HTTP 404 {"error": "배치 실행을 찾을 수 없습니다"}
[19:28:05]   [POLL #145] HTTP 404 {"error": "배치 실행을 찾을 수 없습니다"}
[19:28:35]   [POLL #146] HTTP 404 {"error": "배치 실행을 찾을 수 없습니다"}
[19:29:05]   [POLL #147] HTTP 404 {"error": "배치 실행을 찾을 수 없습니다"}
[19:29:35]   [POLL #148] HTTP 404 {"error": "배치 실행을 찾을 수 없습니다"}
[19:30:05]   [POLL #149] HTTP 404 {"error": "배치 실행을 찾을 수 없습니다"}
[19:30:35]   [POLL #150] HTTP 404 {"error": "배치 실행을 찾을 수 없습니다"}
[19:31:05]   [POLL #151] HTTP 404 {"error": "배치 실행을 찾을 수 없습니다"}
[19:31:35]   [POLL #152] HTTP 404 {"error": "배치 실행을 찾을 수 없습니다"}
[19:32:05]   [POLL #153] HTTP 404 {"error": "배치 실행을 찾을 수 없습니다"}
[19:32:35]   [POLL #154] HTTP 404 {"error": "배치 실행을 찾을 수 없습니다"}
[19:33:05]   [POLL #155] HTTP 404 {"error": "배치 실행을 찾을 수 없습니다"}
[19:33:36]   [POLL #156] HTTP 404 {"error": "배치 실행을 찾을 수 없습니다"}
[19:34:06]   [POLL #157] HTTP 404 {"error": "배치 실행을 찾을 수 없습니다"}
[19:34:36]   [POLL #158] HTTP 404 {"error": "배치 실행을 찾을 수 없습니다"}
[19:35:06]   [POLL #159] HTTP 404 {"error": "배치 실행을 찾을 수 없습니다"}
[19:35:36]   [POLL #160] HTTP 404 {"error": "배치 실행을 찾을 수 없습니다"}
[19:36:06]   [POLL #161] HTTP 404 {"error": "배치 실행을 찾을 수 없습니다"}
[19:36:36]   [POLL #162] HTTP 404 {"error": "배치 실행을 찾을 수 없습니다"}
[19:37:06]   [POLL #163] HTTP 404 {"error": "배치 실행을 찾을 수 없습니다"}
[19:37:36]   [POLL #164] HTTP 404 {"error": "배치 실행을 찾을 수 없습니다"}
[19:38:06]   [POLL #165] HTTP 404 {"error": "배치 실행을 찾을 수 없습니다"}
[19:38:36]   [POLL #166] HTTP 404 {"error": "배치 실행을 찾을 수 없습니다"}
[19:39:06]   [POLL #167] HTTP 404 {"error": "배치 실행을 찾을 수 없습니다"}
[19:39:36]   [POLL #168] HTTP 404 {"error": "배치 실행을 찾을 수 없습니다"}
[19:40:06]   [POLL #169] HTTP 404 {"error": "배치 실행을 찾을 수 없습니다"}
[19:40:36]   [POLL #170] HTTP 404 {"error": "배치 실행을 찾을 수 없습니다"}
[19:41:06]   [POLL #171] HTTP 404 {"error": "배치 실행을 찾을 수 없습니다"}
[19:41:36]   [POLL #172] HTTP 404 {"error": "배치 실행을 찾을 수 없습니다"}
[19:42:06]   [POLL #173] HTTP 404 {"error": "배치 실행을 찾을 수 없습니다"}
[19:42:36]   [POLL #174] HTTP 404 {"error": "배치 실행을 찾을 수 없습니다"}
[19:43:07]   [POLL #175] HTTP 404 {"error": "배치 실행을 찾을 수 없습니다"}
[19:43:37]   [POLL #176] HTTP 404 {"error": "배치 실행을 찾을 수 없습니다"}
[19:44:13]   [POLL #177] HTTP 404 {"error": "배치 실행을 찾을 수 없습니다"}
[19:44:43]   [POLL #178] HTTP 404 {"error": "배치 실행을 찾을 수 없습니다"}
[19:45:14]   [POLL #179] HTTP 404 {"error": "배치 실행을 찾을 수 없습니다"}
[19:45:45]   [POLL #180] HTTP 404 {"error": "배치 실행을 찾을 수 없습니다"}
[19:46:15]   [POLL #181] HTTP 404 {"error": "배치 실행을 찾을 수 없습니다"}
[19:46:45]   [POLL #182] HTTP 404 {"error": "배치 실행을 찾을 수 없습니다"}
[19:47:15]   [POLL #183] HTTP 404 {"error": "배치 실행을 찾을 수 없습니다"}
[19:47:46]   [POLL #184] HTTP 404 {"error": "배치 실행을 찾을 수 없습니다"}
[19:48:16]   [POLL #185] HTTP 404 {"error": "배치 실행을 찾을 수 없습니다"}
[19:48:46]   [POLL #186] HTTP 404 {"error": "배치 실행을 찾을 수 없습니다"}
[19:49:17]   [POLL #187] HTTP 404 {"error": "배치 실행을 찾을 수 없습니다"}
[19:49:47]   [POLL #188] HTTP 404 {"error": "배치 실행을 찾을 수 없습니다"}
[19:50:17]   [POLL #189] HTTP 404 {"error": "배치 실행을 찾을 수 없습니다"}
[19:50:47]   [POLL #190] HTTP 404 {"error": "배치 실행을 찾을 수 없습니다"}
[19:51:17]   [POLL #191] HTTP 404 {"error": "배치 실행을 찾을 수 없습니다"}
[19:51:47]   [POLL #192] HTTP 404 {"error": "배치 실행을 찾을 수 없습니다"}
[19:52:17]   [POLL #193] HTTP 404 {"error": "배치 실행을 찾을 수 없습니다"}
[19:52:47]   [POLL #194] HTTP 404 {"error": "배치 실행을 찾을 수 없습니다"}
[19:53:17]   [POLL #195] HTTP 404 {"error": "배치 실행을 찾을 수 없습니다"}
[19:53:47]   [POLL #196] HTTP 404 {"error": "배치 실행을 찾을 수 없습니다"}
[19:54:17]   [POLL #197] HTTP 404 {"error": "배치 실행을 찾을 수 없습니다"}
[19:54:47]   [POLL #198] HTTP 404 {"error": "배치 실행을 찾을 수 없습니다"}
[19:55:17]   [POLL #199] HTTP 404 {"error": "배치 실행을 찾을 수 없습니다"}
[19:55:47]   [POLL #200] HTTP 404 {"error": "배치 실행을 찾을 수 없습니다"}
[19:56:17]   [POLL #201] HTTP 404 {"error": "배치 실행을 찾을 수 없습니다"}
[19:56:47]   [POLL #202] HTTP 404 {"error": "배치 실행을 찾을 수 없습니다"}
[19:57:17]   [POLL #203] HTTP 404 {"error": "배치 실행을 찾을 수 없습니다"}
[19:57:47]   [POLL #204] HTTP 404 {"error": "배치 실행을 찾을 수 없습니다"}
[19:58:18]   [POLL #205] HTTP 404 {"error": "배치 실행을 찾을 수 없습니다"}
[19:58:48]   [POLL #206] HTTP 404 {"error": "배치 실행을 찾을 수 없습니다"}
[19:59:18]   [POLL #207] HTTP 404 {"error": "배치 실행을 찾을 수 없습니다"}
[19:59:48]   [POLL #208] HTTP 404 {"error": "배치 실행을 찾을 수 없습니다"}
[20:00:18]   [POLL #209] HTTP 404 {"error": "배치 실행을 찾을 수 없습니다"}
[20:00:48]   [POLL #210] HTTP 404 {"error": "배치 실행을 찾을 수 없습니다"}
[20:01:18]   [POLL #211] HTTP 404 {"error": "배치 실행을 찾을 수 없습니다"}
[20:01:48]   [POLL #212] HTTP 404 {"error": "배치 실행을 찾을 수 없습니다"}
[20:02:18]   [POLL #213] HTTP 404 {"error": "배치 실행을 찾을 수 없습니다"}
[20:02:48]   [POLL #214] HTTP 404 {"error": "배치 실행을 찾을 수 없습니다"}
[20:03:18]   [POLL #215] HTTP 404 {"error": "배치 실행을 찾을 수 없습니다"}
[20:03:48]   [POLL #216] HTTP 404 {"error": "배치 실행을 찾을 수 없습니다"}
[20:04:18]   [POLL #217] HTTP 404 {"error": "배치 실행을 찾을 수 없습니다"}
[20:04:48]   [POLL #218] HTTP 404 {"error": "배치 실행을 찾을 수 없습니다"}
[20:05:18]   [POLL #219] HTTP 404 {"error": "배치 실행을 찾을 수 없습니다"}
[20:05:48]   [POLL #220] HTTP 404 {"error": "배치 실행을 찾을 수 없습니다"}
[20:06:18]   [POLL #221] HTTP 404 {"error": "배치 실행을 찾을 수 없습니다"}
[20:06:48]   [POLL #222] HTTP 404 {"error": "배치 실행을 찾을 수 없습니다"}
[20:07:18]   [POLL #223] HTTP 404 {"error": "배치 실행을 찾을 수 없습니다"}
[20:07:48]   [POLL #224] HTTP 404 {"error": "배치 실행을 찾을 수 없습니다"}
[20:08:18]   [POLL #225] HTTP 404 {"error": "배치 실행을 찾을 수 없습니다"}
[20:08:48]   [POLL #226] HTTP 404 {"error": "배치 실행을 찾을 수 없습니다"}
