[18:58:35] admin 로그인 OK
[18:58:36] 이전 처리됨: 149건
[18:58:36] 전체 1100 / 미실행 951
[18:58:36] 4분할 — 각 ~238건
[18:58:36]   shard 1 시작: runId=batch-20260515-095837-bb8345 (238건)
[18:58:36]   shard 2 시작: runId=batch-20260515-095837-bc5ca6 (238건)
[18:58:36]   shard 3 시작: runId=batch-20260515-095837-98cd31 (238건)
[18:58:36]   shard 4 시작: runId=batch-20260515-095837-fd9494 (237건)
[18:58:36] ======================================================================
[18:58:36] 동시 4개 배치 모니터링 시작
[18:58:36] ======================================================================
[18:59:06] PROGRESS total=10/951 (1.1%) pass=10 fail=0 err=0 elapsed=0m ETA=47m active=4
[18:59:36]   shard 1 (batch-20260515-095837-bb8345) history: pass=3 fail=3 status=running
[18:59:36]   shard 2 (batch-20260515-095837-bc5ca6) history: pass=13 fail=1 status=running
[18:59:36]   shard 3 (batch-20260515-095837-98cd31) history: pass=16 fail=0 status=running
[18:59:36]   shard 4 (batch-20260515-095837-fd9494) history: pass=2 fail=2 status=running
[18:59:36] PROGRESS total=40/951 (4.2%) pass=0 fail=0 err=0 elapsed=1m ETA=23m active=0
[19:00:06] ======================================================================
[19:00:06] 전체 완료 — 총 1분
[19:00:06]   처리: 40/951
[19:00:06]   shard runIds:
[19:00:06]     1: batch-20260515-095837-bb8345
[19:00:06]     2: batch-20260515-095837-bc5ca6
[19:00:06]     3: batch-20260515-095837-98cd31
[19:00:06]     4: batch-20260515-095837-fd9494
[19:00:06] DONE
