[08:35:28] prev: batch-20260514-175526-0ae23b
[08:35:30]   처리됨(pass/fail): 727
[08:35:30] prev: batch-20260514-213809-e490cd
[08:35:31]   처리됨(pass/fail): 249
[08:35:31] prev: batch-20260514-222243-6560d9
[08:35:31]   처리됨(pass/fail): 14
[08:35:31] prev: batch-20260514-222443-95d155
[08:35:32]   처리됨(pass/fail): 99
[08:35:32] 총 처리된 unique: 1075
[08:35:32] 전체 1100 / 미실행 25
[08:35:32] 새 배치 시작 (25건)...
[08:35:32] new runId: batch-20260514-233533-dfcaef
[08:35:32] ======================================================================
[08:36:02] PROGRESS 6/25 (24.0%) +6 pass=2 fail=4 err=0 elapsed=0m ETA=1m current=TREA-095
[08:36:32] PROGRESS 14/25 (56.0%) +8 pass=7 fail=7 err=0 elapsed=1m ETA=0m current=TREA-106
[08:37:02] PROGRESS 24/25 (96.0%) +10 pass=13 fail=11 err=0 elapsed=1m ETA=0m current=TREA-117
[08:37:32] PROGRESS 25/25 (100.0%) +1 pass=0 fail=0 err=0 elapsed=2m ETA=0m
[08:37:32] ======================================================================
[08:37:32] BATCH_ENDED status=done
[08:37:32] 총 시간: 2분
[08:37:32] 전체 25 pass=0 fail=0 err=0
[08:37:32] new runId: batch-20260514-233533-dfcaef
[08:37:32] DONE
